DEBUG - 2025-11-29 09:27:12 --> Session: Class initialized using 'CodeIgniter\Session\Handlers\FileHandler' driver.
DEBUG - 2025-11-29 09:27:14 --> Session: Class initialized using 'CodeIgniter\Session\Handlers\FileHandler' driver.
DEBUG - 2025-11-29 09:27:16 --> Session: Class initialized using 'CodeIgniter\Session\Handlers\FileHandler' driver.
DEBUG - 2025-11-29 09:27:16 --> Session: Class initialized using 'CodeIgniter\Session\Handlers\FileHandler' driver.
DEBUG - 2025-11-29 09:27:22 --> Session: Class initialized using 'CodeIgniter\Session\Handlers\FileHandler' driver.
DEBUG - 2025-11-29 09:27:22 --> Session: Class initialized using 'CodeIgniter\Session\Handlers\FileHandler' driver.
DEBUG - 2025-11-29 09:27:23 --> Enrolled Course IDs: Array
(
    [0] => 1
    [1] => 4
    [2] => 10
    [3] => 11
)

DEBUG - 2025-11-29 09:27:23 --> Enrollments query: SELECT `courses`.`id`, `courses`.`course`, `courses`.`description`, `courses`.`teacher_id`, `courses`.`created_at`, `courses`.`updated_at`, `users`.`name` as `teacher_name`, `enrollments`.`enrolled_at`
FROM `enrollments`
JOIN `courses` ON `courses`.`id` = `enrollments`.`course_id`
LEFT JOIN `users` ON `users`.`id` = `courses`.`teacher_id`
WHERE `enrollments`.`student_id` = 2
ORDER BY `enrollments`.`enrolled_at` DESC
DEBUG - 2025-11-29 09:27:23 --> Enrollments data: Array
(
    [0] => Array
        (
            [id] => 11
            [course] => SYSTEMS INTEGRATION AND ARCHITECTURE 1
            [description] => SIA101
            [teacher_id] => 3
            [created_at] => 2025-10-25 21:03:45
            [updated_at] => 2025-10-25 21:03:45
            [teacher_name] => Jim Jamero
            [enrolled_at] => 2025-10-25 21:19:03
        )

    [1] => Array
        (
            [id] => 10
            [course] => ADVANCED DATABASE SYSTEMS
            [description] => IM101
            [teacher_id] => 3
            [created_at] => 2025-10-25 21:03:18
            [updated_at] => 2025-10-25 21:03:18
            [teacher_name] => Jim Jamero
            [enrolled_at] => 2025-10-25 21:18:54
        )

    [2] => Array
        (
            [id] => 4
            [course] => WEB SYSTEM AND TECHNOLOGIES
            [description] => ITE311
            [teacher_id] => 3
            [created_at] => 2025-10-24 12:59:24
            [updated_at] => 2025-10-24 12:59:24
            [teacher_name] => Jim Jamero
            [enrolled_at] => 2025-10-24 12:59:40
        )

)

DEBUG - 2025-11-29 09:27:23 --> Available Courses: Array
(
    [0] => Array
        (
            [id] => 12
            [course] => SYSTEMS ANALYSIS AND DESIGN
            [description] => PD312
            [teacher_id] => 3
            [created_at] => 2025-10-25 21:04:15
            [updated_at] => 2025-10-25 21:04:15
            [teacher_name] => Jim Jamero
        )

)

DEBUG - 2025-11-29 09:27:23 --> Enrolled Courses: Array
(
    [0] => Array
        (
            [id] => 11
            [course] => SYSTEMS INTEGRATION AND ARCHITECTURE 1
            [description] => SIA101
            [teacher_id] => 3
            [created_at] => 2025-10-25 21:03:45
            [updated_at] => 2025-10-25 21:03:45
            [teacher_name] => Jim Jamero
            [enrolled_at] => 2025-10-25 21:19:03
        )

    [1] => Array
        (
            [id] => 10
            [course] => ADVANCED DATABASE SYSTEMS
            [description] => IM101
            [teacher_id] => 3
            [created_at] => 2025-10-25 21:03:18
            [updated_at] => 2025-10-25 21:03:18
            [teacher_name] => Jim Jamero
            [enrolled_at] => 2025-10-25 21:18:54
        )

    [2] => Array
        (
            [id] => 4
            [course] => WEB SYSTEM AND TECHNOLOGIES
            [description] => ITE311
            [teacher_id] => 3
            [created_at] => 2025-10-24 12:59:24
            [updated_at] => 2025-10-24 12:59:24
            [teacher_name] => Jim Jamero
            [enrolled_at] => 2025-10-24 12:59:40
        )

)

DEBUG - 2025-11-29 09:27:23 --> Session: Class initialized using 'CodeIgniter\Session\Handlers\FileHandler' driver.
DEBUG - 2025-11-29 09:27:28 --> Session: Class initialized using 'CodeIgniter\Session\Handlers\FileHandler' driver.
DEBUG - 2025-11-29 09:27:28 --> Enrollments query: SELECT `courses`.`id`, `courses`.`course`, `courses`.`description`, `courses`.`teacher_id`, `courses`.`created_at`, `courses`.`updated_at`, `users`.`name` as `teacher_name`, `enrollments`.`enrolled_at`
FROM `enrollments`
JOIN `courses` ON `courses`.`id` = `enrollments`.`course_id`
LEFT JOIN `users` ON `users`.`id` = `courses`.`teacher_id`
WHERE `enrollments`.`student_id` = 2
ORDER BY `enrollments`.`enrolled_at` DESC
DEBUG - 2025-11-29 09:27:28 --> Enrollments data: Array
(
    [0] => Array
        (
            [id] => 11
            [course] => SYSTEMS INTEGRATION AND ARCHITECTURE 1
            [description] => SIA101
            [teacher_id] => 3
            [created_at] => 2025-10-25 21:03:45
            [updated_at] => 2025-10-25 21:03:45
            [teacher_name] => Jim Jamero
            [enrolled_at] => 2025-10-25 21:19:03
        )

    [1] => Array
        (
            [id] => 10
            [course] => ADVANCED DATABASE SYSTEMS
            [description] => IM101
            [teacher_id] => 3
            [created_at] => 2025-10-25 21:03:18
            [updated_at] => 2025-10-25 21:03:18
            [teacher_name] => Jim Jamero
            [enrolled_at] => 2025-10-25 21:18:54
        )

    [2] => Array
        (
            [id] => 4
            [course] => WEB SYSTEM AND TECHNOLOGIES
            [description] => ITE311
            [teacher_id] => 3
            [created_at] => 2025-10-24 12:59:24
            [updated_at] => 2025-10-24 12:59:24
            [teacher_name] => Jim Jamero
            [enrolled_at] => 2025-10-24 12:59:40
        )

)

DEBUG - 2025-11-29 09:27:29 --> Session: Class initialized using 'CodeIgniter\Session\Handlers\FileHandler' driver.
DEBUG - 2025-11-29 09:28:30 --> Session: Class initialized using 'CodeIgniter\Session\Handlers\FileHandler' driver.
DEBUG - 2025-11-29 09:29:30 --> Session: Class initialized using 'CodeIgniter\Session\Handlers\FileHandler' driver.
DEBUG - 2025-11-29 09:30:30 --> Session: Class initialized using 'CodeIgniter\Session\Handlers\FileHandler' driver.
DEBUG - 2025-11-29 09:31:30 --> Session: Class initialized using 'CodeIgniter\Session\Handlers\FileHandler' driver.
DEBUG - 2025-11-29 09:32:30 --> Session: Class initialized using 'CodeIgniter\Session\Handlers\FileHandler' driver.
DEBUG - 2025-11-29 09:33:30 --> Session: Class initialized using 'CodeIgniter\Session\Handlers\FileHandler' driver.
DEBUG - 2025-11-29 09:34:30 --> Session: Class initialized using 'CodeIgniter\Session\Handlers\FileHandler' driver.
DEBUG - 2025-11-29 09:35:31 --> Session: Class initialized using 'CodeIgniter\Session\Handlers\FileHandler' driver.
DEBUG - 2025-11-29 09:36:32 --> Session: Class initialized using 'CodeIgniter\Session\Handlers\FileHandler' driver.
DEBUG - 2025-11-29 09:37:33 --> Session: Class initialized using 'CodeIgniter\Session\Handlers\FileHandler' driver.
DEBUG - 2025-11-29 09:38:34 --> Session: Class initialized using 'CodeIgniter\Session\Handlers\FileHandler' driver.
DEBUG - 2025-11-29 09:39:35 --> Session: Class initialized using 'CodeIgniter\Session\Handlers\FileHandler' driver.
DEBUG - 2025-11-29 09:40:36 --> Session: Class initialized using 'CodeIgniter\Session\Handlers\FileHandler' driver.
DEBUG - 2025-11-29 09:41:36 --> Session: Class initialized using 'CodeIgniter\Session\Handlers\FileHandler' driver.
DEBUG - 2025-11-29 09:42:36 --> Session: Class initialized using 'CodeIgniter\Session\Handlers\FileHandler' driver.
DEBUG - 2025-11-29 09:43:36 --> Session: Class initialized using 'CodeIgniter\Session\Handlers\FileHandler' driver.
DEBUG - 2025-11-29 09:44:36 --> Session: Class initialized using 'CodeIgniter\Session\Handlers\FileHandler' driver.
DEBUG - 2025-11-29 09:45:36 --> Session: Class initialized using 'CodeIgniter\Session\Handlers\FileHandler' driver.
DEBUG - 2025-11-29 09:46:36 --> Session: Class initialized using 'CodeIgniter\Session\Handlers\FileHandler' driver.
DEBUG - 2025-11-29 09:47:36 --> Session: Class initialized using 'CodeIgniter\Session\Handlers\FileHandler' driver.
DEBUG - 2025-11-29 09:48:36 --> Session: Class initialized using 'CodeIgniter\Session\Handlers\FileHandler' driver.
DEBUG - 2025-11-29 09:49:36 --> Session: Class initialized using 'CodeIgniter\Session\Handlers\FileHandler' driver.
DEBUG - 2025-11-29 09:50:36 --> Session: Class initialized using 'CodeIgniter\Session\Handlers\FileHandler' driver.
DEBUG - 2025-11-29 09:51:36 --> Session: Class initialized using 'CodeIgniter\Session\Handlers\FileHandler' driver.
DEBUG - 2025-11-29 09:52:36 --> Session: Class initialized using 'CodeIgniter\Session\Handlers\FileHandler' driver.
DEBUG - 2025-11-29 09:53:36 --> Session: Class initialized using 'CodeIgniter\Session\Handlers\FileHandler' driver.
DEBUG - 2025-11-29 09:54:11 --> Session: Class initialized using 'CodeIgniter\Session\Handlers\FileHandler' driver.
